
16. Printing statistics.

=== apb_slave_memory ===

   Number of wires:                751
   Number of wire bits:           2861
   Number of public wires:          43
   Number of public wire bits:    1130
   Number of memories:               0
   Number of memory bits:            0
   Number of processes:              0
   Number of cells:               2792
     sky130_fd_sc_hd__a21o_1         1
     sky130_fd_sc_hd__a21oi_1       20
     sky130_fd_sc_hd__a221oi_1      23
     sky130_fd_sc_hd__a222oi_1     238
     sky130_fd_sc_hd__a22o_1         1
     sky130_fd_sc_hd__a22oi_1      116
     sky130_fd_sc_hd__a31oi_1        4
     sky130_fd_sc_hd__and2_0        17
     sky130_fd_sc_hd__and3_1         5
     sky130_fd_sc_hd__and4_1         5
     sky130_fd_sc_hd__and4b_1        4
     sky130_fd_sc_hd__clkinv_1       3
     sky130_fd_sc_hd__dfrtp_1       36
     sky130_fd_sc_hd__dfstp_2        1
     sky130_fd_sc_hd__dfxtp_1     1024
     sky130_fd_sc_hd__lpflow_inputiso1p_1      1
     sky130_fd_sc_hd__lpflow_isobufsrc_1     17
     sky130_fd_sc_hd__mux2_1      1024
     sky130_fd_sc_hd__nand2_1       82
     sky130_fd_sc_hd__nand3_1       35
     sky130_fd_sc_hd__nand4_1       53
     sky130_fd_sc_hd__nor2_1        18
     sky130_fd_sc_hd__nor3_1        10
     sky130_fd_sc_hd__nor4_1        11
     sky130_fd_sc_hd__nor4b_1        5
     sky130_fd_sc_hd__nor4bb_1       6
     sky130_fd_sc_hd__o22a_1        16
     sky130_fd_sc_hd__o32a_1         2
     sky130_fd_sc_hd__or3_1          8
     sky130_fd_sc_hd__or3b_1         1
     sky130_fd_sc_hd__or4_1          2
     sky130_fd_sc_hd__or4b_1         3

