
13. Printing statistics.

=== apb_slave_memory ===

        +----------Local Count, excluding submodules.
        |        +-Local Area, excluding submodules.
        |        | 
     2901        - wires
     4021        - wire bits
       45        - public wires
     1163        - public wire bits
       11        - ports
      135        - port bits
     2858  7.8E+03 cells
       10    10.64   AND2_X1
        2     2.66   AND3_X1
       14   22.344   AND4_X1
        1     1.33   AOI211_X1
       33   35.112   AOI21_X1
       32   51.072   AOI221_X1
      158  336.224   AOI222_X1
      242   321.86   AOI22_X1
       36   191.52   DFFR_X1
     1024 4.63E+03   DFF_X1
       28   14.896   INV_X1
     1024 1.91E+03   MUX2_X1
       63   50.274   NAND2_X1
       17   18.088   NAND3_X1
       69    91.77   NAND4_X1
       43   34.314   NOR2_X1
       22   23.408   NOR3_X1
       37    49.21   NOR4_X1
        1     1.33   OAI22_X1
        2    2.128   OR2_X1

   Chip area for module '\apb_slave_memory': 7795.396000
     of which used for sequential elements: 4822.048000 (61.86%)

