Warning: sta_run.tcl line 12, unknown field nets.
Startpoint: _3464_ (rising edge-triggered flip-flop clocked by pclk)
Endpoint: _3466_ (rising edge-triggered flip-flop clocked by pclk)
Path Group: pclk
Path Type: min

Fanout       Cap      Slew     Delay      Time   Description
-------------------------------------------------------------------------------------
                    0.0000    0.0000    0.0000   clock pclk (rise edge)
                              0.0000    0.0000   clock network delay (ideal)
                    0.0000    0.0000    0.0000 ^ _3464_/CLK (sky130_fd_sc_hd__dfrtp_1)
     4    0.0093    0.0980    0.3431    0.3431 ^ _3464_/Q (sky130_fd_sc_hd__dfrtp_1)
                    0.0980    0.0000    0.3431 ^ _3466_/D (sky130_fd_sc_hd__dfrtp_1)
                                        0.3431   data arrival time

                    0.0000    0.0000    0.0000   clock pclk (rise edge)
                              0.0000    0.0000   clock network delay (ideal)
                              0.1000    0.1000   clock uncertainty
                              0.0000    0.1000   clock reconvergence pessimism
                                        0.1000 ^ _3466_/CLK (sky130_fd_sc_hd__dfrtp_1)
                             -0.0521    0.0479   library hold time
                                        0.0479   data required time
-------------------------------------------------------------------------------------
                                        0.0479   data required time
                                       -0.3431   data arrival time
-------------------------------------------------------------------------------------
                                        0.2952   slack (MET)


Startpoint: paddr[14] (input port clocked by pclk)
Endpoint: _2439_ (rising edge-triggered flip-flop clocked by pclk)
Path Group: pclk
Path Type: max

Fanout       Cap      Slew     Delay      Time   Description
-------------------------------------------------------------------------------------
                    0.0000    0.0000    0.0000   clock pclk (rise edge)
                              0.0000    0.0000   clock network delay (ideal)
                              1.0000    1.0000 v input external delay
     1    0.0022    0.0000    0.0000    1.0000 v paddr[14] (in)
                    0.0000    0.0000    1.0000 v _2333_/A (sky130_fd_sc_hd__nor4_1)
     1    0.0024    0.2062    0.2359    1.2359 ^ _2333_/Y (sky130_fd_sc_hd__nor4_1)
                    0.2062    0.0000    1.2359 ^ _2334_/D (sky130_fd_sc_hd__nand4_1)
     1    0.0022    0.0780    0.1131    1.3491 v _2334_/Y (sky130_fd_sc_hd__nand4_1)
                    0.0780    0.0000    1.3491 v _2339_/B (sky130_fd_sc_hd__nor3_1)
    33    0.0778    2.1408    1.6570    3.0061 ^ _2339_/Y (sky130_fd_sc_hd__nor3_1)
                    2.1408    0.0000    3.0061 ^ _1678_/A (sky130_fd_sc_hd__nand2_1)
    32    0.1051    0.9945    1.2447    4.2508 v _1678_/Y (sky130_fd_sc_hd__nand2_1)
                    0.9945    0.0000    4.2508 v _1679_/S (sky130_fd_sc_hd__mux2_1)
     1    0.0017    0.0582    0.6120    4.8628 v _1679_/X (sky130_fd_sc_hd__mux2_1)
                    0.0582    0.0000    4.8628 v _2439_/D (sky130_fd_sc_hd__dfxtp_1)
                                        4.8628   data arrival time

                    0.0000   10.0000   10.0000   clock pclk (rise edge)
                              0.0000   10.0000   clock network delay (ideal)
                             -0.1000    9.9000   clock uncertainty
                              0.0000    9.9000   clock reconvergence pessimism
                                        9.9000 ^ _2439_/CLK (sky130_fd_sc_hd__dfxtp_1)
                             -0.1269    9.7731   library setup time
                                        9.7731   data required time
-------------------------------------------------------------------------------------
                                        9.7731   data required time
                                       -4.8628   data arrival time
-------------------------------------------------------------------------------------
                                        4.9103   slack (MET)


